// Jest Snapshot v1, https://goo.gl/fbAQLP

exports[`Testing in HookApp Should show correctly the component 1`] = `
<div>
  Hello World
</div>
`;
