// Jest Snapshot v1, https://goo.gl/fbAQLP

exports[`Test of Multiple Custoom Hooks should show correctly 1`] = `
<Fragment>
  <h3>
    BreakingBad Quotes
  </h3>
  <div
    className="alert alert-info text-center"
  >
    Loading ...
  </div>
  <button
    className="btn btn-primary"
    onClick={[Function]}
  >
    Next Quote
  </button>
</Fragment>
`;
