// Jest Snapshot v1, https://goo.gl/fbAQLP

exports[`Tests of RealExampleRef should show correctly 1`] = `
<div>
  <h3>
    Real Example Ref
  </h3>
  <br />
  <br />
  <button
    className="btn btn-secondary"
    onClick={[Function]}
  >
    Show/Hide
  </button>
</div>
`;
